exports[`test renders foobar 1`] = `
<div>
  <h1>
    Hello, world!
  </h1>
  foobar
</div>
`;
